// Jest Snapshot v1, https://goo.gl/fbAQLP

exports[`should render correctly 1`] = `
<DocumentFragment>
  <a
    class="sc-bcXHqe iklKes"
    href="/"
  />
</DocumentFragment>
`;
