// Jest Snapshot v1, https://goo.gl/fbAQLP

exports[`should render correctly 1`] = `
<DocumentFragment>
  <div
    class="sc-bcXHqe eglgry"
  >
    <div
      class="sc-dkrFOg eZaBCl"
    />
    <div
      class="sc-gswNZR eMufKk"
    />
  </div>
</DocumentFragment>
`;
